digraph cos_2x_adr {
  margin=0
  compound=true
  rankdir=LR
  node [shape=Mrecord]
  edge [fontsize=8,fontcolor=indigo]
  bgcolor=transparent
  nslimit=20
  subgraph clusterc0 { label=""; color=white; margin=0; c0 [label="{In|{<Out0>}}"] }
  subgraph clusterc37 { label=""; color=white; margin=0; c37 [label="{2.0|{<Out0>}}"] }
  subgraph clusterc147 { label=""; color=white; margin=0; c147 [label="{{<In0>|<In1>}|\×|{<Out0>}}"] }
  subgraph clusterc329 { label=""; color=white; margin=0; c329 [label="{{<In0>}|cos|{<Out0>}}"] }
  subgraph clusterc330 { label=""; color=white; margin=0; c330 [label="{{<In0>}|sin|{<Out0>}}"] }
  subgraph cluster_394 {
    margin=8
    fontsize=20
    labeljust=r
    color=DarkGreen
    c390 [label="{{<In0>|<In1>}|\×|{<Out0>}}"]
    c386 [label="{{<In0>|<In1>}|\×|{<Out0>}}"]
    c385 [label="{In|{<Out0>}}"]
    c393 [label="{{<In0>}|Out}"]
    c391 [label="{{<In0>}|negate|{<Out0>}}"]
    c37:Out0 -> c390:In0 [label="Double"]
    c386:Out0 -> c390:In1 [label="Double"]
    c330:Out0 -> c386:In0 [label="Double"]
    c385:Out0 -> c386:In1 [label="Double"]
    c391:Out0 -> c393:In0 [label="Double"]
    c390:Out0 -> c391:In0 [label="Double"]
  }
  subgraph clusterc395 { label=""; color=white; margin=0; c395 [label="{{<In0>|<In1>}|Out}"] }
  c0:Out0 -> c147:In0 [label="Double"]
  c37:Out0 -> c147:In1 [label="Double"]
  c147:Out0 -> c329:In0 [label="Double"]
  c147:Out0 -> c330:In0 [label="Double"]
  c329:Out0 -> c395:In0 [label="Double"]
  c393 -> c395:In1 [ltail=cluster_394,label="Double ’ Double"]
}
