((exl . id *** repr . exr . id) . dup) .
second (id . repr) .
apply .
((curry
  ((exl . exr ***
    apply .
    (coerce .
     curry
     (apply .
      (coerce .
       curry (apply . (exl *** repr . exr) . dup) .
       curry
       (curry
        (apply . (exl . exl *** apply . (exr . exl *** exr) . dup) . dup)) .
       repr . repr . exr ***
       repr . exl) .
      dup) .
     exr . exr ***
     exr . exl) .
    dup) .
   dup) ***
  apply .
  ((curry
    ((exr ***
      abst .
      abst .
      curry mulC . apply . (curry exl . negateC . sinC . exl *** exr) . dup) .
     dup) ***
    cosC) .
   dup) .
  exl) .
 dup) .
apply .
((curry
  ((exl . exr ***
    apply .
    (coerce .
     curry
     (apply .
      (coerce .
       curry (apply . (exl *** repr . exr) . dup) .
       curry
       (curry
        (apply . (exl . exl *** apply . (exr . exl *** exr) . dup) . dup)) .
       repr . repr . exr ***
       repr . exl) .
      dup) .
     exr . exr ***
     exr . exl) .
    dup) .
   dup) ***
  ((mulC ***
    abst .
    apply .
    (coerce .
     curry (apply . (exl *** repr . exr) . dup) .
     curry
     (curry (apply . (exl . exl *** apply . (exr . exl *** exr) . dup) . dup)) .
     repr .
     abst .
     apply .
     (curry
      (apply .
       (curry
        (curry
         ((apply . (repr . repr . exr . exl . exl *** exl . exr) . dup ***
           apply . (repr . repr . exr . exl *** exr . exr) . dup) .
          dup)) ***
        abst . abst . curry mulC . exl . exl) .
       dup) ***
      abst . abst . curry mulC . exr) .
     dup ***
     abst . curry (dup . exr)) .
    dup) .
   dup) .
  exl) .
 dup) .
((exl ***
  apply .
  (coerce .
   curry
   (apply .
    (coerce .
     curry (apply . (exl *** repr . exr) . dup) .
     curry
     (curry (apply . (exl . exl *** apply . (exr . exl *** exr) . dup) . dup)) .
     repr . repr . exr ***
     repr . exl) .
    dup) .
   exr ***
   abst . abst . curry (addC . exr)) .
  dup) .
 dup) .
apply .
((curry
  (apply .
   (curry
    (((exl . exr *** exl . exr . exl) . dup ***
      abst .
      abst .
      curry
      ((apply .
        ((repr . repr . exr *** exl . exr . exl) . dup) .
        (id *** exr . exr . exl) . dup ***
        apply .
        ((repr . repr . exr *** exr . exr . exl) . dup) .
        (id *** exr . exr . exl . exl) . dup) .
       dup)) .
     dup) ***
    ((const 2.0 ***
      abst .
      abst . curry (const 0.0) . repr . abst . curry (const ()) . const 0.0) .
     dup) .
    exl . exl) .
   dup) ***
  ((id *** abst . abst . curry exr) . dup) . exr) .
 dup) .
dup