digraph cos_2xx_adf {
  margin=0
  compound=true
  rankdir=LR
  node [shape=Mrecord]
  edge [fontsize=8,fontcolor=indigo]
  bgcolor=transparent
  nslimit=20
  subgraph clusterc0 { label=""; color=white; margin=0; c0 [label="{In|{<Out0>}}"] }
  subgraph clusterc210 { label=""; color=white; margin=0; c210 [label="{2.0|{<Out0>}}"] }
  subgraph clusterc261 { label=""; color=white; margin=0; c261 [label="{{<In0>|<In1>}|\×|{<Out0>}}"] }
  subgraph clusterc384 { label=""; color=white; margin=0; c384 [label="{{<In0>|<In1>}|\×|{<Out0>}}"] }
  subgraph clusterc499 { label=""; color=white; margin=0; c499 [label="{{<In0>}|cos|{<Out0>}}"] }
  subgraph clusterc500 { label=""; color=white; margin=0; c500 [label="{{<In0>}|sin|{<Out0>}}"] }
  subgraph cluster_536 {
    margin=8
    fontsize=20
    labeljust=r
    color=DarkGreen
    c530 [label="{{<In0>|<In1>}|\×|{<Out0>}}"]
    c529 [label="{{<In0>|<In1>}|\×|{<Out0>}}"]
    c531 [label="{{<In0>|<In1>}|\×|{<Out0>}}"]
    c533 [label="{{<In0>|<In1>}|\×|{<Out0>}}"]
    c532 [label="{{<In0>|<In1>}|+|{<Out0>}}"]
    c528 [label="{In|{<Out0>}}"]
    c535 [label="{{<In0>}|Out}"]
    c534 [label="{{<In0>}|negate|{<Out0>}}"]
    c0:Out0 -> c530:In0 [label="Double"]
    c529:Out0 -> c530:In1 [label="Double"]
    c210:Out0 -> c529:In0 [label="Double"]
    c528:Out0 -> c529:In1 [label="Double"]
    c261:Out0 -> c531:In0 [label="Double"]
    c528:Out0 -> c531:In1 [label="Double"]
    c500:Out0 -> c533:In0 [label="Double"]
    c532:Out0 -> c533:In1 [label="Double"]
    c530:Out0 -> c532:In0 [label="Double"]
    c531:Out0 -> c532:In1 [label="Double"]
    c534:Out0 -> c535:In0 [label="Double"]
    c533:Out0 -> c534:In0 [label="Double"]
  }
  subgraph clusterc537 { label=""; color=white; margin=0; c537 [label="{{<In0>|<In1>}|Out}"] }
  c0:Out0 -> c261:In0 [label="Double"]
  c210:Out0 -> c261:In1 [label="Double"]
  c0:Out0 -> c384:In0 [label="Double"]
  c261:Out0 -> c384:In1 [label="Double"]
  c384:Out0 -> c499:In0 [label="Double"]
  c384:Out0 -> c500:In0 [label="Double"]
  c499:Out0 -> c537:In0 [label="Double"]
  c535 -> c537:In1 [ltail=cluster_536,label="Double ’ Double"]
}
