digraph cos_2xx_gradr {
  margin=0
  compound=true
  rankdir=LR
  node [shape=Mrecord]
  edge [fontsize=8,fontcolor=indigo]
  bgcolor=transparent
  nslimit=20
  c0 [label="{In|{<Out0>}}"]
  c326 [label="{2.0|{<Out0>}}"]
  c436 [label="{{<In0>|<In1>}|\×|{<Out0>}}"]
  c667 [label="{{<In0>|<In1>}|\×|{<Out0>}}"]
  c867 [label="{{<In0>}|cos|{<Out0>}}"]
  c868 [label="{{<In0>}|sin|{<Out0>}}"]
  c946 [label="{{<In0>|<In1>}|\×|{<Out0>}}"]
  c948 [label="{{<In0>|<In1>}|\×|{<Out0>}}"]
  c952 [label="{{<In0>|<In1>}|\×|{<Out0>}}"]
  c954 [label="{{<In0>|<In1>}|+|{<Out0>}}"]
  c955 [label="{{<In0>}|negate|{<Out0>}}"]
  c956 [label="{{<In0>|<In1>}|Out}"]
  c0:Out0 -> c436:In0 [label="Double"]
  c326:Out0 -> c436:In1 [label="Double"]
  c0:Out0 -> c667:In0 [label="Double"]
  c436:Out0 -> c667:In1 [label="Double"]
  c667:Out0 -> c867:In0 [label="Double"]
  c667:Out0 -> c868:In0 [label="Double"]
  c0:Out0 -> c946:In0 [label="Double"]
  c868:Out0 -> c946:In1 [label="Double"]
  c436:Out0 -> c948:In0 [label="Double"]
  c868:Out0 -> c948:In1 [label="Double"]
  c326:Out0 -> c952:In0 [label="Double"]
  c946:Out0 -> c952:In1 [label="Double"]
  c948:Out0 -> c954:In0 [label="Double"]
  c952:Out0 -> c954:In1 [label="Double"]
  c954:Out0 -> c955:In0 [label="Double"]
  c867:Out0 -> c956:In0 [label="Double"]
  c955:Out0 -> c956:In1 [label="Double"]
}
