second (id . repr) .
apply .
((curry
  ((exr ***
    apply .
    (coerce .
     curry (apply . (exl *** repr . exr) . dup) .
     curry
     (curry (apply . (exl . exl *** apply . (exr . exl *** exr) . dup) . dup)) .
     repr .
     abst .
     curry mulC .
     apply . (curry exl . negateC . sinC . exl . exl *** exr) . dup ***
     exr . exl) .
    dup) .
   dup) ***
  cosC . exl) .
 dup) .
apply .
((curry
  ((exl . exr ***
    apply .
    (coerce .
     curry (apply . (exl *** repr . exr) . dup) .
     curry
     (curry (apply . (exl . exl *** apply . (exr . exl *** exr) . dup) . dup)) .
     repr . exr . exr ***
     exr . exl) .
    dup) .
   dup) ***
  ((mulC ***
    abst .
    curry (addC . apply) .
    apply .
    (curry
     (apply .
      (curry
       (curry
        ((apply . (repr . exr . exl . exl *** exl . exr) . dup ***
          apply . (repr . exr . exl *** exr . exr) . dup) .
         dup)) ***
       abst . curry mulC . exl . exl) .
      dup) ***
     abst . curry mulC . exr) .
    dup) .
   dup) .
  exl) .
 dup) .
((exl ***
  apply .
  (coerce .
   curry (apply . (exl *** repr . exr) . dup) .
   curry
   (curry (apply . (exl . exl *** apply . (exr . exl *** exr) . dup) . dup)) .
   repr . exr ***
   abst . curry (dup . exr)) .
  dup) .
 dup) .
apply .
((curry
  (apply .
   (curry
    (((exl . exr *** exl . exr . exl) . dup ***
      abst .
      curry
      ((apply .
        ((repr . exr *** exl . exr . exl) . dup) .
        (id *** exr . exr . exl) . dup ***
        apply .
        ((repr . exr *** exr . exr . exl) . dup) .
        (id *** exr . exr . exl . exl) . dup) .
       dup)) .
     dup) ***
    apply .
    ((curry
      ((exl . exr ***
        apply .
        (coerce .
         curry (apply . (exl *** repr . exr) . dup) .
         curry
         (curry
          (apply . (exl . exl *** apply . (exr . exl *** exr) . dup) . dup)) .
         repr . exr . exr ***
         exr . exl) .
        dup) .
       dup) ***
      ((mulC ***
        abst .
        curry (addC . apply) .
        apply .
        (curry
         (apply .
          (curry
           (curry
            ((apply . (repr . exr . exl . exl *** exl . exr) . dup ***
              apply . (repr . exr . exl *** exr . exr) . dup) .
             dup)) ***
           abst . curry mulC . exl . exl) .
          dup) ***
         abst . curry mulC . exr) .
        dup) .
       dup) .
      exl) .
     dup) .
    ((exl ***
      apply .
      (coerce .
       curry (apply . (exl *** repr . exr) . dup) .
       curry
       (curry
        (apply . (exl . exl *** apply . (exr . exl *** exr) . dup) . dup)) .
       repr . exr ***
       abst . curry (dup . exr)) .
      dup) .
     dup) .
    apply .
    ((curry
      (apply .
       (curry
        (((exl . exr *** exl . exr . exl) . dup ***
          abst .
          curry
          ((apply .
            ((repr . exr *** exl . exr . exl) . dup) .
            (id *** exr . exr . exl) . dup ***
            apply .
            ((repr . exr *** exr . exr . exl) . dup) .
            (id *** exr . exr . exl . exl) . dup) .
           dup)) .
         dup) ***
        ((const 2.0 *** abst . curry exl . const 0.0) . dup) . exl . exl) .
       dup) ***
      ((id *** abst . curry exr) . dup) . exr) .
     dup) .
    dup . exl . exl) .
   dup) ***
  ((id *** abst . curry exr) . dup) . exr) .
 dup) .
dup