digraph cos_2x_gradr {
  margin=0
  compound=true
  rankdir=LR
  node [shape=Mrecord]
  edge [fontsize=8,fontcolor=indigo]
  bgcolor=transparent
  nslimit=20
  c0 [label="{In|{<Out0>}}"]
  c37 [label="{2.0|{<Out0>}}"]
  c147 [label="{{<In0>|<In1>}|\×|{<Out0>}}"]
  c329 [label="{{<In0>}|cos|{<Out0>}}"]
  c330 [label="{{<In0>}|sin|{<Out0>}}"]
  c398 [label="{{<In0>|<In1>}|\×|{<Out0>}}"]
  c399 [label="{{<In0>}|negate|{<Out0>}}"]
  c400 [label="{{<In0>|<In1>}|Out}"]
  c0:Out0 -> c147:In0 [label="Double"]
  c37:Out0 -> c147:In1 [label="Double"]
  c147:Out0 -> c329:In0 [label="Double"]
  c147:Out0 -> c330:In0 [label="Double"]
  c37:Out0 -> c398:In0 [label="Double"]
  c330:Out0 -> c398:In1 [label="Double"]
  c398:Out0 -> c399:In0 [label="Double"]
  c329:Out0 -> c400:In0 [label="Double"]
  c399:Out0 -> c400:In1 [label="Double"]
}
