digraph cos_2xx_adr {
  margin=0
  compound=true
  rankdir=LR
  node [shape=Mrecord]
  edge [fontsize=8,fontcolor=indigo]
  bgcolor=transparent
  nslimit=20
  subgraph clusterc0 { label=""; color=white; margin=0; c0 [label="{In|{<Out0>}}"] }
  subgraph clusterc326 { label=""; color=white; margin=0; c326 [label="{2.0|{<Out0>}}"] }
  subgraph clusterc436 { label=""; color=white; margin=0; c436 [label="{{<In0>|<In1>}|\×|{<Out0>}}"] }
  subgraph clusterc667 { label=""; color=white; margin=0; c667 [label="{{<In0>|<In1>}|\×|{<Out0>}}"] }
  subgraph clusterc867 { label=""; color=white; margin=0; c867 [label="{{<In0>}|cos|{<Out0>}}"] }
  subgraph clusterc868 { label=""; color=white; margin=0; c868 [label="{{<In0>}|sin|{<Out0>}}"] }
  subgraph cluster_944 {
    margin=8
    fontsize=20
    labeljust=r
    color=DarkGreen
    c932 [label="{{<In0>|<In1>}|\×|{<Out0>}}"]
    c938 [label="{{<In0>|<In1>}|\×|{<Out0>}}"]
    c934 [label="{{<In0>|<In1>}|\×|{<Out0>}}"]
    c930 [label="{{<In0>|<In1>}|\×|{<Out0>}}"]
    c941 [label="{{<In0>|<In1>}|+|{<Out0>}}"]
    c929 [label="{In|{<Out0>}}"]
    c943 [label="{{<In0>}|Out}"]
    c942 [label="{{<In0>}|negate|{<Out0>}}"]
    c0:Out0 -> c932:In0 [label="Double"]
    c930:Out0 -> c932:In1 [label="Double"]
    c326:Out0 -> c938:In0 [label="Double"]
    c932:Out0 -> c938:In1 [label="Double"]
    c436:Out0 -> c934:In0 [label="Double"]
    c930:Out0 -> c934:In1 [label="Double"]
    c868:Out0 -> c930:In0 [label="Double"]
    c929:Out0 -> c930:In1 [label="Double"]
    c934:Out0 -> c941:In0 [label="Double"]
    c938:Out0 -> c941:In1 [label="Double"]
    c942:Out0 -> c943:In0 [label="Double"]
    c941:Out0 -> c942:In0 [label="Double"]
  }
  subgraph clusterc945 { label=""; color=white; margin=0; c945 [label="{{<In0>|<In1>}|Out}"] }
  c0:Out0 -> c436:In0 [label="Double"]
  c326:Out0 -> c436:In1 [label="Double"]
  c0:Out0 -> c667:In0 [label="Double"]
  c436:Out0 -> c667:In1 [label="Double"]
  c667:Out0 -> c867:In0 [label="Double"]
  c667:Out0 -> c868:In0 [label="Double"]
  c867:Out0 -> c945:In0 [label="Double"]
  c943 -> c945:In1 [ltail=cluster_944,label="Double ’ Double"]
}
