digraph magSqr_gradr {
  margin=0
  compound=true
  rankdir=LR
  node [shape=Mrecord]
  edge [fontsize=8,fontcolor=indigo]
  bgcolor=transparent
  nslimit=20
  c0 [label="{In|{<Out0>|<Out1>}}"]
  c420 [label="{{<In0>|<In1>}|\×|{<Out0>}}"]
  c688 [label="{{<In0>|<In1>}|\×|{<Out0>}}"]
  c930 [label="{{<In0>|<In1>}|+|{<Out0>}}"]
  c991 [label="{{<In0>|<In1>}|+|{<Out0>}}"]
  c992 [label="{{<In0>|<In1>}|+|{<Out0>}}"]
  c993 [label="{{<In0>|<In1>|<In2>}|Out}"]
  c0:Out1 -> c420:In0 [label="Double"]
  c0:Out1 -> c420:In1 [label="Double"]
  c0:Out0 -> c688:In0 [label="Double"]
  c0:Out0 -> c688:In1 [label="Double"]
  c420:Out0 -> c930:In0 [label="Double"]
  c688:Out0 -> c930:In1 [label="Double"]
  c0:Out0 -> c991:In0 [label="Double"]
  c0:Out0 -> c991:In1 [label="Double"]
  c0:Out1 -> c992:In0 [label="Double"]
  c0:Out1 -> c992:In1 [label="Double"]
  c930:Out0 -> c993:In0 [label="Double"]
  c991:Out0 -> c993:In1 [label="Double"]
  c992:Out0 -> c993:In2 [label="Double"]
}
