digraph magSqr_adf {
  margin=0
  compound=true
  rankdir=LR
  node [shape=Mrecord]
  edge [fontsize=8,fontcolor=indigo]
  bgcolor=transparent
  nslimit=20
  subgraph clusterc0 { label=""; color=white; margin=0; c0 [label="{In|{<Out0>|<Out1>}}"] }
  subgraph clusterc245 { label=""; color=white; margin=0; c245 [label="{{<In0>|<In1>}|\×|{<Out0>}}"] }
  subgraph clusterc404 { label=""; color=white; margin=0; c404 [label="{{<In0>|<In1>}|\×|{<Out0>}}"] }
  subgraph clusterc516 { label=""; color=white; margin=0; c516 [label="{{<In0>|<In1>}|+|{<Out0>}}"] }
  subgraph cluster_524 {
    margin=8
    fontsize=20
    labeljust=r
    color=DarkGreen
    c518 [label="{{<In0>|<In1>}|\×|{<Out0>}}"]
    c520 [label="{{<In0>|<In1>}|\×|{<Out0>}}"]
    c519 [label="{{<In0>|<In1>}|+|{<Out0>}}"]
    c522 [label="{{<In0>|<In1>}|+|{<Out0>}}"]
    c521 [label="{{<In0>|<In1>}|+|{<Out0>}}"]
    c517 [label="{In|{<Out0>|<Out1>}}"]
    c523 [label="{{<In0>}|Out}"]
    c0:Out0 -> c518:In0 [label="Double"]
    c517:Out0 -> c518:In1 [label="Double"]
    c0:Out1 -> c520:In0 [label="Double"]
    c517:Out1 -> c520:In1 [label="Double"]
    c518:Out0 -> c519:In0 [label="Double"]
    c518:Out0 -> c519:In1 [label="Double"]
    c519:Out0 -> c522:In0 [label="Double"]
    c521:Out0 -> c522:In1 [label="Double"]
    c520:Out0 -> c521:In0 [label="Double"]
    c520:Out0 -> c521:In1 [label="Double"]
    c522:Out0 -> c523:In0 [label="Double"]
  }
  subgraph clusterc525 { label=""; color=white; margin=0; c525 [label="{{<In0>|<In1>}|Out}"] }
  c0:Out1 -> c245:In0 [label="Double"]
  c0:Out1 -> c245:In1 [label="Double"]
  c0:Out0 -> c404:In0 [label="Double"]
  c0:Out0 -> c404:In1 [label="Double"]
  c245:Out0 -> c516:In0 [label="Double"]
  c404:Out0 -> c516:In1 [label="Double"]
  c516:Out0 -> c525:In0 [label="Double"]
  c523 -> c525:In1 [ltail=cluster_524,label="Double × Double ’ Double"]
}
