second (id . repr) .
((addC . exl *** abst . curry (addC . apply) . repr . exr) . dup) .
((exl ***
  apply .
  (coerce .
   curry (apply . (exl *** repr . exr) . dup) .
   curry
   (curry (apply . (exl . exl *** apply . (exr . exl *** exr) . dup) . dup)) .
   repr . exr ***
   abst . curry (dup . exr)) .
  dup) .
 dup) .
apply .
((curry
  (apply .
   (curry
    (((exl . exr *** exl . exr . exl) . dup ***
      abst .
      curry
      ((apply .
        ((repr . exr *** exl . exr . exl) . dup) .
        (id *** exr . exr . exl) . dup ***
        apply .
        ((repr . exr *** exr . exr . exl) . dup) .
        (id *** exr . exr . exl . exl) . dup) .
       dup)) .
     dup) ***
    apply .
    ((curry
      ((exl . exr ***
        apply .
        (coerce .
         curry (apply . (exl *** repr . exr) . dup) .
         curry
         (curry
          (apply . (exl . exl *** apply . (exr . exl *** exr) . dup) . dup)) .
         repr . exr . exr ***
         exr . exl) .
        dup) .
       dup) ***
      ((mulC ***
        abst .
        curry (addC . apply) .
        apply .
        (curry
         (apply .
          (curry
           (curry
            ((apply . (repr . exr . exl . exl *** exl . exr) . dup ***
              apply . (repr . exr . exl *** exr . exr) . dup) .
             dup)) ***
           abst . curry mulC . exl . exl) .
          dup) ***
         abst . curry mulC . exr) .
        dup) .
       dup) .
      exl) .
     dup) .
    ((exl ***
      apply .
      (coerce .
       curry (apply . (exl *** repr . exr) . dup) .
       curry
       (curry
        (apply . (exl . exl *** apply . (exr . exl *** exr) . dup) . dup)) .
       repr . exr ***
       abst . curry (dup . exr)) .
      dup) .
     dup) .
    apply .
    ((curry
      (apply .
       (curry
        (((exl . exr *** exl . exr . exl) . dup ***
          abst .
          curry
          ((apply .
            ((repr . exr *** exl . exr . exl) . dup) .
            (id *** exr . exr . exl) . dup ***
            apply .
            ((repr . exr *** exr . exr . exl) . dup) .
            (id *** exr . exr . exl . exl) . dup) .
           dup)) .
         dup) ***
        ((exl *** abst . curry (exl . exr)) . dup) . exl . exl) .
       dup) ***
      ((exl *** abst . curry (exl . exr)) . dup) . exr) .
     dup) .
    dup . exl . exl) .
   dup) ***
  apply .
  ((curry
    ((exl . exr ***
      apply .
      (coerce .
       curry (apply . (exl *** repr . exr) . dup) .
       curry
       (curry
        (apply . (exl . exl *** apply . (exr . exl *** exr) . dup) . dup)) .
       repr . exr . exr ***
       exr . exl) .
      dup) .
     dup) ***
    ((mulC ***
      abst .
      curry (addC . apply) .
      apply .
      (curry
       (apply .
        (curry
         (curry
          ((apply . (repr . exr . exl . exl *** exl . exr) . dup ***
            apply . (repr . exr . exl *** exr . exr) . dup) .
           dup)) ***
         abst . curry mulC . exl . exl) .
        dup) ***
       abst . curry mulC . exr) .
      dup) .
     dup) .
    exl) .
   dup) .
  ((exl ***
    apply .
    (coerce .
     curry (apply . (exl *** repr . exr) . dup) .
     curry
     (curry (apply . (exl . exl *** apply . (exr . exl *** exr) . dup) . dup)) .
     repr . exr ***
     abst . curry (dup . exr)) .
    dup) .
   dup) .
  apply .
  ((curry
    (apply .
     (curry
      (((exl . exr *** exl . exr . exl) . dup ***
        abst .
        curry
        ((apply .
          ((repr . exr *** exl . exr . exl) . dup) .
          (id *** exr . exr . exl) . dup ***
          apply .
          ((repr . exr *** exr . exr . exl) . dup) .
          (id *** exr . exr . exl . exl) . dup) .
         dup)) .
       dup) ***
      ((exr *** abst . curry (exr . exr)) . dup) . exl . exl) .
     dup) ***
    ((exr *** abst . curry (exr . exr)) . dup) . exr) .
   dup) .
  dup . exr) .
 dup) .
dup