digraph magSqr_adr {
  margin=0
  compound=true
  rankdir=LR
  node [shape=Mrecord]
  edge [fontsize=8,fontcolor=indigo]
  bgcolor=transparent
  nslimit=20
  subgraph clusterc0 { label=""; color=white; margin=0; c0 [label="{In|{<Out0>|<Out1>}}"] }
  subgraph clusterc420 { label=""; color=white; margin=0; c420 [label="{{<In0>|<In1>}|\×|{<Out0>}}"] }
  subgraph clusterc688 { label=""; color=white; margin=0; c688 [label="{{<In0>|<In1>}|\×|{<Out0>}}"] }
  subgraph clusterc930 { label=""; color=white; margin=0; c930 [label="{{<In0>|<In1>}|+|{<Out0>}}"] }
  subgraph cluster_988 {
    margin=8
    fontsize=20
    labeljust=r
    color=DarkGreen
    c982 [label="{{<In0>|<In1>}|\×|{<Out0>}}"]
    c985 [label="{{<In0>|<In1>}|\×|{<Out0>}}"]
    c984 [label="{{<In0>|<In1>}|+|{<Out0>}}"]
    c986 [label="{{<In0>|<In1>}|+|{<Out0>}}"]
    c981 [label="{In|{<Out0>}}"]
    c987 [label="{{<In0>|<In1>}|Out}"]
    c0:Out0 -> c982:In0 [label="Double"]
    c981:Out0 -> c982:In1 [label="Double"]
    c0:Out1 -> c985:In0 [label="Double"]
    c981:Out0 -> c985:In1 [label="Double"]
    c982:Out0 -> c984:In0 [label="Double"]
    c982:Out0 -> c984:In1 [label="Double"]
    c985:Out0 -> c986:In0 [label="Double"]
    c985:Out0 -> c986:In1 [label="Double"]
    c984:Out0 -> c987:In0 [label="Double"]
    c986:Out0 -> c987:In1 [label="Double"]
  }
  subgraph clusterc989 { label=""; color=white; margin=0; c989 [label="{{<In0>|<In1>}|Out}"] }
  c0:Out1 -> c420:In0 [label="Double"]
  c0:Out1 -> c420:In1 [label="Double"]
  c0:Out0 -> c688:In0 [label="Double"]
  c0:Out0 -> c688:In1 [label="Double"]
  c420:Out0 -> c930:In0 [label="Double"]
  c688:Out0 -> c930:In1 [label="Double"]
  c930:Out0 -> c989:In0 [label="Double"]
  c987 -> c989:In1 [ltail=cluster_988,label="Double ’ Double × Double"]
}
