second (id . repr) .
((exl ***
  apply .
  (coerce .
   curry (apply . (exl *** repr . exr) . dup) .
   curry
   (curry (apply . (exl . exl *** apply . (exr . exl *** exr) . dup) . dup)) .
   repr . exr ***
   abst . curry (dup . exr)) .
  dup) .
 dup) .
((mulC ***
  abst .
  curry (addC . apply) .
  apply .
  (curry
   (apply .
    (curry
     (curry
      ((apply . (repr . exr . exl . exl *** exl . exr) . dup ***
        apply . (repr . exr . exl *** exr . exr) . dup) .
       dup)) ***
     abst . curry mulC . exl . exl) .
    dup) ***
   abst . curry mulC . exr) .
  dup) .
 dup) .
dup