digraph cos_2xx_adf {
  margin=0
  compound=true
  rankdir=LR
  node [shape=Mrecord]
  edge [fontsize=8,fontcolor=indigo]
  bgcolor=transparent
  nslimit=20
  subgraph clusterc0 { label=""; color=white; margin=0; c0 [label="{In|{<Out0>}}"] }
  subgraph clusterc287 { label=""; color=white; margin=0; c287 [label="{2.0|{<Out0>}}"] }
  subgraph clusterc345 { label=""; color=white; margin=0; c345 [label="{{<In0>|<In1>}|\×|{<Out0>}}"] }
  subgraph clusterc476 { label=""; color=white; margin=0; c476 [label="{{<In0>|<In1>}|\×|{<Out0>}}"] }
  subgraph clusterc591 { label=""; color=white; margin=0; c591 [label="{{<In0>}|cos|{<Out0>}}"] }
  subgraph clusterc592 { label=""; color=white; margin=0; c592 [label="{{<In0>}|sin|{<Out0>}}"] }
  subgraph cluster_628 {
    margin=8
    fontsize=20
    labeljust=r
    color=DarkGreen
    c622 [label="{{<In0>|<In1>}|\×|{<Out0>}}"]
    c621 [label="{{<In0>|<In1>}|\×|{<Out0>}}"]
    c623 [label="{{<In0>|<In1>}|\×|{<Out0>}}"]
    c625 [label="{{<In0>|<In1>}|\×|{<Out0>}}"]
    c624 [label="{{<In0>|<In1>}|+|{<Out0>}}"]
    c620 [label="{In|{<Out0>}}"]
    c627 [label="{{<In0>}|Out}"]
    c626 [label="{{<In0>}|negate|{<Out0>}}"]
    c0:Out0 -> c622:In0 [label="Double"]
    c621:Out0 -> c622:In1 [label="Double"]
    c287:Out0 -> c621:In0 [label="Double"]
    c620:Out0 -> c621:In1 [label="Double"]
    c345:Out0 -> c623:In0 [label="Double"]
    c620:Out0 -> c623:In1 [label="Double"]
    c592:Out0 -> c625:In0 [label="Double"]
    c624:Out0 -> c625:In1 [label="Double"]
    c622:Out0 -> c624:In0 [label="Double"]
    c623:Out0 -> c624:In1 [label="Double"]
    c626:Out0 -> c627:In0 [label="Double"]
    c625:Out0 -> c626:In0 [label="Double"]
  }
  subgraph clusterc629 { label=""; color=white; margin=0; c629 [label="{{<In0>|<In1>}|Out}"] }
  c0:Out0 -> c345:In0 [label="Double"]
  c287:Out0 -> c345:In1 [label="Double"]
  c0:Out0 -> c476:In0 [label="Double"]
  c345:Out0 -> c476:In1 [label="Double"]
  c476:Out0 -> c591:In0 [label="Double"]
  c476:Out0 -> c592:In0 [label="Double"]
  c591:Out0 -> c629:In0 [label="Double"]
  c627 -> c629:In1 [ltail=cluster_628,label="Double ’ Double"]
}
