digraph cos_2xx_gradr {
  margin=0
  compound=true
  rankdir=LR
  node [shape=Mrecord]
  edge [fontsize=8,fontcolor=indigo]
  bgcolor=transparent
  nslimit=20
  c0 [label="{In|{<Out0>}}"]
  c408 [label="{2.0|{<Out0>}}"]
  c526 [label="{{<In0>|<In1>}|\×|{<Out0>}}"]
  c767 [label="{{<In0>|<In1>}|\×|{<Out0>}}"]
  c967 [label="{{<In0>}|cos|{<Out0>}}"]
  c968 [label="{{<In0>}|sin|{<Out0>}}"]
  c1046 [label="{{<In0>|<In1>}|\×|{<Out0>}}"]
  c1048 [label="{{<In0>|<In1>}|\×|{<Out0>}}"]
  c1052 [label="{{<In0>|<In1>}|\×|{<Out0>}}"]
  c1054 [label="{{<In0>|<In1>}|+|{<Out0>}}"]
  c1055 [label="{{<In0>}|negate|{<Out0>}}"]
  c1056 [label="{{<In0>|<In1>}|Out}"]
  c0:Out0 -> c526:In0 [label="Double"]
  c408:Out0 -> c526:In1 [label="Double"]
  c0:Out0 -> c767:In0 [label="Double"]
  c526:Out0 -> c767:In1 [label="Double"]
  c767:Out0 -> c967:In0 [label="Double"]
  c767:Out0 -> c968:In0 [label="Double"]
  c0:Out0 -> c1046:In0 [label="Double"]
  c968:Out0 -> c1046:In1 [label="Double"]
  c526:Out0 -> c1048:In0 [label="Double"]
  c968:Out0 -> c1048:In1 [label="Double"]
  c408:Out0 -> c1052:In0 [label="Double"]
  c1046:Out0 -> c1052:In1 [label="Double"]
  c1048:Out0 -> c1054:In0 [label="Double"]
  c1052:Out0 -> c1054:In1 [label="Double"]
  c1054:Out0 -> c1055:In0 [label="Double"]
  c967:Out0 -> c1056:In0 [label="Double"]
  c1055:Out0 -> c1056:In1 [label="Double"]
}
