digraph magSqr_adr {
  margin=0
  compound=true
  rankdir=LR
  node [shape=Mrecord]
  edge [fontsize=8,fontcolor=indigo]
  bgcolor=transparent
  nslimit=20
  subgraph clusterc0 { label=""; color=white; margin=0; c0 [label="{In|{<Out0>|<Out1>}}"] }
  subgraph clusterc754 { label=""; color=white; margin=0; c754 [label="{{<In0>|<In1>}|\×|{<Out0>}}"] }
  subgraph clusterc1160 { label=""; color=white; margin=0; c1160 [label="{{<In0>|<In1>}|\×|{<Out0>}}"] }
  subgraph clusterc1472 { label=""; color=white; margin=0; c1472 [label="{{<In0>|<In1>}|+|{<Out0>}}"] }
  subgraph cluster_1530 {
    margin=8
    fontsize=20
    labeljust=r
    color=DarkGreen
    c1524 [label="{{<In0>|<In1>}|\×|{<Out0>}}"]
    c1527 [label="{{<In0>|<In1>}|\×|{<Out0>}}"]
    c1526 [label="{{<In0>|<In1>}|+|{<Out0>}}"]
    c1528 [label="{{<In0>|<In1>}|+|{<Out0>}}"]
    c1523 [label="{In|{<Out0>}}"]
    c1529 [label="{{<In0>|<In1>}|Out}"]
    c0:Out0 -> c1524:In0 [label="Double"]
    c1523:Out0 -> c1524:In1 [label="Double"]
    c0:Out1 -> c1527:In0 [label="Double"]
    c1523:Out0 -> c1527:In1 [label="Double"]
    c1524:Out0 -> c1526:In0 [label="Double"]
    c1524:Out0 -> c1526:In1 [label="Double"]
    c1527:Out0 -> c1528:In0 [label="Double"]
    c1527:Out0 -> c1528:In1 [label="Double"]
    c1526:Out0 -> c1529:In0 [label="Double"]
    c1528:Out0 -> c1529:In1 [label="Double"]
  }
  subgraph clusterc1531 { label=""; color=white; margin=0; c1531 [label="{{<In0>|<In1>}|Out}"] }
  c0:Out1 -> c754:In0 [label="Double"]
  c0:Out1 -> c754:In1 [label="Double"]
  c0:Out0 -> c1160:In0 [label="Double"]
  c0:Out0 -> c1160:In1 [label="Double"]
  c754:Out0 -> c1472:In0 [label="Double"]
  c1160:Out0 -> c1472:In1 [label="Double"]
  c1472:Out0 -> c1531:In0 [label="Double"]
  c1529 -> c1531:In1 [ltail=cluster_1530,label="Double ’ Double × Double"]
}
