second (id . repr) .
apply .
((curry
  ((exl . exr ***
    apply .
    (coerce .
     curry (apply . (exl *** repr . exr) . dup) .
     curry
     (curry (apply . (exl . exl *** apply . (exr . exl *** exr) . dup) . dup)) .
     repr . exr . exr ***
     exr . exl) .
    dup) .
   dup) ***
  ((addC *** abst . curry (addC . exr)) . dup) . exl) .
 dup) .
apply .
((curry
  ((exl . exr ***
    apply .
    (coerce .
     curry (apply . (exl *** repr . exr) . dup) .
     curry
     (curry (apply . (exl . exl *** apply . (exr . exl *** exr) . dup) . dup)) .
     repr . exr . exr ***
     exr . exl) .
    dup) .
   dup) ***
  ((exl ***
    apply .
    (coerce .
     curry (apply . (exl *** repr . exr) . dup) .
     curry
     (curry (apply . (exl . exl *** apply . (exr . exl *** exr) . dup) . dup)) .
     repr . exr ***
     abst . curry (dup . exr)) .
    dup) .
   dup) .
  apply .
  ((curry
    (apply .
     (curry
      (((exl . exr *** exl . exr . exl) . dup ***
        abst .
        apply .
        (curry
         (curry
          ((apply .
            ((repr . exr *** exl . exr . exl) . dup) .
            (id *** exr . exr . exl . exl) . dup ***
            apply . (exr . exl *** exr . exr) . dup) .
           dup)) ***
         repr . exr . exr . exl) .
        dup) .
       dup) ***
      apply .
      ((curry
        ((exl . exr ***
          apply .
          (coerce .
           curry (apply . (exl *** repr . exr) . dup) .
           curry
           (curry
            (apply . (exl . exl *** apply . (exr . exl *** exr) . dup) . dup)) .
           repr . exr . exr ***
           exr . exl) .
          dup) .
         dup) ***
        ((mulC ***
          abst .
          curry (addC . apply) .
          apply .
          ((curry
            (apply .
             (curry
              (curry
               ((apply . (repr . exr . exl . exl *** exl . exr) . dup ***
                 apply . (repr . exr . exl *** exr . exr) . dup) .
                dup)) ***
              abst . curry mulC . exl . exr . exl) .
             dup) ***
            abst . curry mulC . exr . exr) .
           dup) .
          dup) .
         dup) .
        exl) .
       dup) .
      apply .
      ((curry
        ((exl . exr ***
          apply .
          (coerce .
           curry (apply . (exl *** repr . exr) . dup) .
           curry
           (curry
            (apply . (exl . exl *** apply . (exr . exl *** exr) . dup) . dup)) .
           repr . exr . exr ***
           exr . exl) .
          dup) .
         dup) ***
        ((exl ***
          apply .
          (coerce .
           curry (apply . (exl *** repr . exr) . dup) .
           curry
           (curry
            (apply . (exl . exl *** apply . (exr . exl *** exr) . dup) . dup)) .
           repr . exr ***
           abst . curry (dup . exr)) .
          dup) .
         dup) .
        apply .
        ((curry
          (apply .
           (curry
            (((exl . exr *** exl . exr . exl) . dup ***
              abst .
              apply .
              (curry
               (curry
                ((apply .
                  ((repr . exr *** exl . exr . exl) . dup) .
                  (id *** exr . exr . exl . exl) . dup ***
                  apply . (exr . exl *** exr . exr) . dup) .
                 dup)) ***
               repr . exr . exr . exl) .
              dup) .
             dup) ***
            ((exl *** abst . curry (exl . exr)) . dup) . exl . exr . exl) .
           dup) ***
          ((exl *** abst . curry (exl . exr)) . dup) . exr . exr) .
         dup) .
        ((id *** dup) . dup) . exl) .
       dup) .
      ((exr *** abst . curry (exr . exr)) . dup) . exl . exr . exl) .
     dup) ***
    apply .
    ((curry
      ((exl . exr ***
        apply .
        (coerce .
         curry (apply . (exl *** repr . exr) . dup) .
         curry
         (curry
          (apply . (exl . exl *** apply . (exr . exl *** exr) . dup) . dup)) .
         repr . exr . exr ***
         exr . exl) .
        dup) .
       dup) ***
      ((mulC ***
        abst .
        curry (addC . apply) .
        apply .
        ((curry
          (apply .
           (curry
            (curry
             ((apply . (repr . exr . exl . exl *** exl . exr) . dup ***
               apply . (repr . exr . exl *** exr . exr) . dup) .
              dup)) ***
            abst . curry mulC . exl . exr . exl) .
           dup) ***
          abst . curry mulC . exr . exr) .
         dup) .
        dup) .
       dup) .
      exl) .
     dup) .
    apply .
    ((curry
      ((exl . exr ***
        apply .
        (coerce .
         curry (apply . (exl *** repr . exr) . dup) .
         curry
         (curry
          (apply . (exl . exl *** apply . (exr . exl *** exr) . dup) . dup)) .
         repr . exr . exr ***
         exr . exl) .
        dup) .
       dup) ***
      ((exl ***
        apply .
        (coerce .
         curry (apply . (exl *** repr . exr) . dup) .
         curry
         (curry
          (apply . (exl . exl *** apply . (exr . exl *** exr) . dup) . dup)) .
         repr . exr ***
         abst . curry (dup . exr)) .
        dup) .
       dup) .
      apply .
      ((curry
        (apply .
         (curry
          (((exl . exr *** exl . exr . exl) . dup ***
            abst .
            apply .
            (curry
             (curry
              ((apply .
                ((repr . exr *** exl . exr . exl) . dup) .
                (id *** exr . exr . exl . exl) . dup ***
                apply . (exr . exl *** exr . exr) . dup) .
               dup)) ***
             repr . exr . exr . exl) .
            dup) .
           dup) ***
          ((exr *** abst . curry (exr . exr)) . dup) . exl . exr . exl) .
         dup) ***
        ((exr *** abst . curry (exr . exr)) . dup) . exr . exr) .
       dup) .
      ((id *** dup) . dup) . exl) .
     dup) .
    ((exr *** abst . curry (exr . exr)) . dup) . exr . exr) .
   dup) .
  ((id *** dup) . dup) . exl) .
 dup) .
(dup *** abst . curry (dup . exr)) . dup